Xunit.Sdk.FalseException: Failed: No more then one [Device] or [Dps*] attributes are allowed per [IoTHub] class, however, you may have more than one [IoTHub] decorated class
Expected: False
Actual:   True