********************************************************************************

using IoTHubClientGeneratorSDK;
using Microsoft.Azure.Devices.Client;

namespace TestConnectionStringEnv
{
    [IoTHub()]
    partial class MyIoTHubClient
    {
        [Device(ConnectionString="%ConStr%")]
        private DeviceClient MyClient {get;set;}
    }
}


********************************************************************************
using System;
using System.Diagnostics;
using System.Threading.Tasks;
using System.Threading;
using Microsoft.Azure.Devices.Client;
using Microsoft.Azure.Devices.Shared;
using IoTHubClientGeneratorSDK;

namespace TestConnectionStringEnv
{
    public partial class MyIoTHubClient
    {
        public async Task InitIoTHubClientAsync()
        {
            await System.Threading.Tasks.Task.CompletedTask; //suppress async warning in case we don't generate any async call
            MyClient = CreateMyClient();
        }

        private Microsoft.Azure.Devices.Client.DeviceClient CreateMyClient()
        {
#pragma warning disable CS4014
            var theConnectionString = System.Environment.GetEnvironmentVariable("ConStr");
#pragma warning restore CS4014
            var deviceClient = DeviceClient.CreateFromConnectionString(theConnectionString);
            return deviceClient;
        }
    }
}


