********************************************************************************

using IoTHubClientGeneratorSDK;
using Microsoft.Azure.Devices.Client;

namespace TestDpsTpm
{
    [IoTHub]
    partial class MyIoTHubClient
    {
        [DpsTpmDevice(DPSIdScope="%DpsScopeId%", Id="1", 
            EnrollmentType=DPSEnrollmentType.Individual, DPSTransportType=TransportType.Http1,
            TransportType=TransportType.Amqp)]
        private DeviceClient MyClient {get;set;}
    }
}


********************************************************************************
using System;
using System.Diagnostics;
using System.Threading.Tasks;
using System.Threading;
using Microsoft.Azure.Devices.Client;
using Microsoft.Azure.Devices.Shared;
using Microsoft.Azure.Devices.Provisioning.Client.Transport;
using System.Security.Cryptography;
using Microsoft.Azure.Devices.Provisioning.Client;
using IoTHubClientGeneratorSDK;

namespace TestDpsTpm
{
    public partial class MyIoTHubClient
    {
        public async Task InitIoTHubClientAsync()
        {
            await System.Threading.Tasks.Task.CompletedTask; //suppress async warning in case we don't generate any async call
            MyClient = await CreateMyClientAsync();
        }

        private async Task<Microsoft.Azure.Devices.Client.DeviceClient> CreateMyClientAsync()
        {
#pragma warning disable CS4014
            var theDPSIdScope = System.Environment.GetEnvironmentVariable("DpsScopeId");
            var theId = "1";
            var theEnrollmentType = DPSEnrollmentType.Individual;
            var theDPSTransportType = TransportType.Http1;
            var theTransportType = TransportType.Amqp;
#pragma warning restore CS4014
            using var security = new Microsoft.Azure.Devices.Provisioning.Security.SecurityProviderTpmHsm(theId);
            using var transport = new ProvisioningTransportHandlerHttp();
            var theGlobalDeviceEndpoint = "global.azure-devices-provisioning.net";
            ProvisioningDeviceClient provClient = ProvisioningDeviceClient.Create(theGlobalDeviceEndpoint, theDPSIdScope, security, transport);
            DeviceRegistrationResult result = await provClient.RegisterAsync();
            if (result.Status != ProvisioningRegistrationStatusType.Assigned)
            {
                throw new Exception($"Registration status did not assign a hub, status: {result.Status}");
            }

            IAuthenticationMethod auth = new Microsoft.Azure.Devices.Client.DeviceAuthenticationWithTpm(result.DeviceId, security);
            var deviceClient = DeviceClient.Create(result.AssignedHub, auth, theTransportType);
            return deviceClient;
        }
    }
}


