********************************************************************************

using IoTHubClientGeneratorSDK;
using System;

namespace TestNonStringReportedProperties
{
    [IoTHub()]
    partial class MyIoTHubClient
    {
        [Reported("valueFromTheDevice")] private int _reportedPropertyDemo;

        [Reported("ReportedPropertyDouble", "reportedPropertyDouble")] private double _reportedPropertyDouble;

        [Reported("ReportedPropertyObject", "reportedPropertyObject")] private object _reportedPropertyObject;

        [Reported("ReportedPropertyDecimal", "reportedPropertyDecimal")] private decimal _reportedPropertyDecimal;

        [Reported("ReportedPropertyUint", "reportedPropertyUint")] private uint _reportedPropertyUint;
    }
}


********************************************************************************
using System;
using System.Diagnostics;
using System.Threading.Tasks;
using System.Threading;
using Microsoft.Azure.Devices.Client;
using Microsoft.Azure.Devices.Shared;
using IoTHubClientGeneratorSDK;

namespace TestNonStringReportedProperties
{
    public partial class MyIoTHubClient
    {
        public async Task InitIoTHubClientAsync()
        {
            await System.Threading.Tasks.Task.CompletedTask; //suppress async warning in case we don't generate any async call
            DeviceClient = CreateDeviceClient();
        }

        [Device(ConnectionString = "%ConnectionString%")]
        private DeviceClient DeviceClient { get; set; }

        private Microsoft.Azure.Devices.Client.DeviceClient CreateDeviceClient()
        {
            var theConnectionString = System.Environment.GetEnvironmentVariable("ConnectionString");
            var deviceClient = DeviceClient.CreateFromConnectionString(theConnectionString);
            return deviceClient;
        }

        private void ReportProperty<T>(string propertyName, T data)
        {
            var reportedProperties = new Microsoft.Azure.Devices.Shared.TwinCollection();
            reportedProperties[propertyName] = data.ToString();
            System.Threading.Tasks.Task.Run(async () => await DeviceClient.UpdateReportedPropertiesAsync(reportedProperties));
        }

        public int valueFromTheDevice
        {
            get
            {
                return _reportedPropertyDemo;
            }

            set
            {
                _reportedPropertyDemo = value;
                ReportProperty("valueFromTheDevice", value);
            }
        }

        public double ReportedPropertyDouble
        {
            get
            {
                return _reportedPropertyDouble;
            }

            set
            {
                _reportedPropertyDouble = value;
                ReportProperty("reportedPropertyDouble", value);
            }
        }

        public object ReportedPropertyObject
        {
            get
            {
                return _reportedPropertyObject;
            }

            set
            {
                _reportedPropertyObject = value;
                ReportProperty("reportedPropertyObject", value);
            }
        }

        public decimal ReportedPropertyDecimal
        {
            get
            {
                return _reportedPropertyDecimal;
            }

            set
            {
                _reportedPropertyDecimal = value;
                ReportProperty("reportedPropertyDecimal", value);
            }
        }

        public uint ReportedPropertyUint
        {
            get
            {
                return _reportedPropertyUint;
            }

            set
            {
                _reportedPropertyUint = value;
                ReportProperty("reportedPropertyUint", value);
            }
        }
    }
}


