********************************************************************************

using IoTHubClientGeneratorSDK;
using System;

namespace TestNonStringReportedProperties
{
    [IoTHub()]
    partial class MyIoTHubClient
    {
        [Desired] public int DesiredProperty { get; private set; }
        [Desired("doubleProperty")] private double DoubleProperty { get; set; }
        [Desired("decimalProperty")] private decimal DecimalProperty { get; set; }
        [Desired("uintProperty")] private uint UintProperty { get; set; }
    }
}


********************************************************************************
using System;
using System.Diagnostics;
using System.Threading.Tasks;
using System.Threading;
using Microsoft.Azure.Devices.Client;
using Microsoft.Azure.Devices.Shared;
using IoTHubClientGeneratorSDK;

namespace TestNonStringReportedProperties
{
    public partial class MyIoTHubClient
    {
        public async Task InitIoTHubClientAsync()
        {
            await System.Threading.Tasks.Task.CompletedTask; //suppress async warning in case we don't generate any async call
            DeviceClient = CreateDeviceClient();
            await DeviceClient.SetDesiredPropertyUpdateCallbackAsync(HandleDesiredPropertyUpdateAsync, null);
            var twin = await DeviceClient.GetTwinAsync();
            await HandleDesiredPropertyUpdateAsync(twin.Properties.Desired, null);
        }

        [Device(ConnectionString = "%ConnectionString%")]
        private DeviceClient DeviceClient
        {
            get;
            set;
        }

        private Microsoft.Azure.Devices.Client.DeviceClient CreateDeviceClient()
        {
            var theConnectionString = System.Environment.GetEnvironmentVariable("ConnectionString");
            var deviceClient = DeviceClient.CreateFromConnectionString(theConnectionString);
            return deviceClient;
        }

        private async Task HandleDesiredPropertyUpdateAsync(Microsoft.Azure.Devices.Shared.TwinCollection desiredProperties, object context)
        {
            if (desiredProperties.Contains("DesiredProperty"))
            {
                string textData = desiredProperties["DesiredProperty"];
                DesiredProperty = Int32.Parse(textData);
            }

            if (desiredProperties.Contains("doubleProperty"))
            {
                string textData = desiredProperties["doubleProperty"];
                DoubleProperty = Double.Parse(textData);
            }

            if (desiredProperties.Contains("decimalProperty"))
            {
                string textData = desiredProperties["decimalProperty"];
                DecimalProperty = Decimal.Parse(textData);
            }

            if (desiredProperties.Contains("uintProperty"))
            {
                string textData = desiredProperties["uintProperty"];
                UintProperty = UInt32.Parse(textData);
            }

            await Task.CompletedTask;
        }
    }
}


