********************************************************************************

using IoTHubClientGeneratorSDK;
using Microsoft.Azure.Devices.Client;
using Microsoft.Azure.Devices.Client.Transport.Mqtt;
using System;

namespace TestDpsTpm
{
    [IoTHub]
    partial class MyIoTHubClient
    {
        [DpsTpmDevice(DPSIdScope="%DpsScopeId%", Id="1", 
            EnrollmentType=DPSEnrollmentType.Individual, DPSTransportType=TransportType.Mqtt)]
        private DeviceClient MyClient {get;set;}

        [TransportSetting]
        public ITransportSettings AmqpTransportSettings { get; } = new AmqpTransportSettings(TransportType.Amqp)
        {
            AmqpConnectionPoolSettings = new AmqpConnectionPoolSettings {MaxPoolSize = 5},
            IdleTimeout = TimeSpan.FromMinutes(1)
        };

        [TransportSetting]
        public ITransportSettings MqttTransportSetting { get; } = new MqttTransportSettings(TransportType.Mqtt)
        {
            DefaultReceiveTimeout = TimeSpan.FromMinutes(2)
        };
    }
}


********************************************************************************
using System;
using System.Diagnostics;
using System.Threading.Tasks;
using System.Threading;
using Microsoft.Azure.Devices.Client;
using Microsoft.Azure.Devices.Shared;
using Microsoft.Azure.Devices.Provisioning.Client.Transport;
using System.Security.Cryptography;
using Microsoft.Azure.Devices.Provisioning.Client;
using IoTHubClientGeneratorSDK;

namespace TestDpsTpm
{
    public partial class MyIoTHubClient
    {
        public async Task InitIoTHubClientAsync()
        {
            await System.Threading.Tasks.Task.CompletedTask; //suppress async warning in case we don't generate any async call
            MyClient = await CreateMyClientAsync();
        }

        private async Task<Microsoft.Azure.Devices.Client.DeviceClient> CreateMyClientAsync()
        {
            var theDPSIdScope = System.Environment.GetEnvironmentVariable("DpsScopeId");
            var theId = "1";
            var theEnrollmentType = DPSEnrollmentType.Individual;
            var theDPSTransportType = TransportType.Mqtt;
            ITransportSettings[] transportSettings = new[]{AmqpTransportSettings, MqttTransportSetting};
            using var security = new Microsoft.Azure.Devices.Provisioning.Security.SecurityProviderTpmHsm(theId);
            using var transport = new ProvisioningTransportHandlerMqtt();
            var theGlobalDeviceEndpoint = "global.azure-devices-provisioning.net";
            ProvisioningDeviceClient provClient = ProvisioningDeviceClient.Create(theGlobalDeviceEndpoint, theDPSIdScope, security, transport);
            DeviceRegistrationResult result = await provClient.RegisterAsync();
            if (result.Status != ProvisioningRegistrationStatusType.Assigned)
            {
                throw new Exception($"Registration status did not assign a hub, status: {result.Status}");
            }

            IAuthenticationMethod auth = new Microsoft.Azure.Devices.Client.DeviceAuthenticationWithTpm(result.DeviceId, security);
            var deviceClient = DeviceClient.Create(result.AssignedHub, auth, transportSettings);
            return deviceClient;
        }
    }
}


