********************************************************************************

using IoTHubClientGeneratorSDK;
using Microsoft.Azure.Devices.Client;

namespace TestDPSSymmetricKey
{
    [IoTHub]
    partial class MyIoTHubClient
    {
        [DpsSymmetricKeyDevice(DPSIdScope="%DpsScopeId%", Id="1", EnrollmentGroupId="GroupId", 
            EnrollmentType=DPSEnrollmentType.Individual, DPSTransportType=TransportType.Http1,
            TransportType=TransportType.Amqp, PrimarySymmetricKey="%PrimaryDPSKey%")]
        private DeviceClient MyClient {get;set;}
    }
}


********************************************************************************
using System;
using System.Diagnostics;
using System.Threading.Tasks;
using System.Threading;
using Microsoft.Azure.Devices.Client;
using Microsoft.Azure.Devices.Shared;
using Microsoft.Azure.Devices.Provisioning.Client.Transport;
using System.Security.Cryptography;
using Microsoft.Azure.Devices.Provisioning.Client;
using IoTHubClientGeneratorSDK;

namespace TestDPSSymmetricKey
{
    public partial class MyIoTHubClient
    {
        public async Task InitIoTHubClientAsync()
        {
            await System.Threading.Tasks.Task.CompletedTask; //suppress async warning in case we don't generate any async call
            MyClient = await CreateMyClientAsync();
        }

        private async Task<Microsoft.Azure.Devices.Client.DeviceClient> CreateMyClientAsync()
        {
            var theDPSIdScope = System.Environment.GetEnvironmentVariable("DpsScopeId");
            var theId = "1";
            var theEnrollmentGroupId = "GroupId";
            var theEnrollmentType = DPSEnrollmentType.Individual;
            var theDPSTransportType = TransportType.Http1;
            var theTransportType = TransportType.Amqp;
            var thePrimarySymmetricKey = System.Environment.GetEnvironmentVariable("PrimaryDPSKey");
            using var security = new SecurityProviderSymmetricKey(theId, thePrimarySymmetricKey, null);
            using var transport = new ProvisioningTransportHandlerHttp();
            var theGlobalDeviceEndpoint = "global.azure-devices-provisioning.net";
            ProvisioningDeviceClient provClient = ProvisioningDeviceClient.Create(theGlobalDeviceEndpoint, theDPSIdScope, security, transport);
            DeviceRegistrationResult result = await provClient.RegisterAsync();
            if (result.Status != ProvisioningRegistrationStatusType.Assigned)
            {
                throw new Exception($"Registration status did not assign a hub, status: {result.Status}");
            }

            IAuthenticationMethod auth = new DeviceAuthenticationWithRegistrySymmetricKey(result.DeviceId, security.GetPrimaryKey());
            var deviceClient = DeviceClient.Create(result.AssignedHub, auth, theTransportType);
            return deviceClient;
        }

        private static string ComputeDerivedSymmetricKey(string enrollmentKey, string deviceId)
        {
            if (string.IsNullOrWhiteSpace(deviceId))
            {
                return enrollmentKey; //individual enrollment type
            }

            using var hmac = new System.Security.Cryptography.HMACSHA256(System.Convert.FromBase64String(enrollmentKey));
            return Convert.ToBase64String(hmac.ComputeHash(System.Text.Encoding.UTF8.GetBytes(deviceId)));
        }
    }
}


