********************************************************************************

using IoTHubClientGeneratorSDK;
using Microsoft.Azure.Devices.Client;

namespace TestConnectionStringFromLocalVariable
{
    [IoTHub()]
    partial class MyIoTHubClient
    {
        private static string PrimaryConnectionString = "HostName=HomeAutomationHub.azure-devices.net;SharedAccessKeyName=device;SharedAccessKey=ROQYwme5GAWZxKdI5rIjLsimSMTfltIdLm/Cki3qfBq=";

        [Device(ConnectionString="[PrimaryConnectionString]")]
        private DeviceClient MyClient {get;set;}
    }
}


********************************************************************************
using System;
using System.Diagnostics;
using System.Threading.Tasks;
using System.Threading;
using Microsoft.Azure.Devices.Client;
using Microsoft.Azure.Devices.Shared;
using IoTHubClientGeneratorSDK;

namespace TestConnectionStringFromLocalVariable
{
    public partial class MyIoTHubClient
    {
        public async Task InitIoTHubClientAsync()
        {
            await System.Threading.Tasks.Task.CompletedTask; //suppress async warning in case we don't generate any async call
            MyClient = CreateMyClient();
        }

        private Microsoft.Azure.Devices.Client.DeviceClient CreateMyClient()
        {
            var theConnectionString = PrimaryConnectionString;
            var deviceClient = DeviceClient.CreateFromConnectionString(theConnectionString);
            return deviceClient;
        }
    }
}


